mode: set
github.com/internships-backend/test-backend-bibihoya-1/pkg/jwt/jwt.go:16.74,28.2 3 1
github.com/internships-backend/test-backend-bibihoya-1/pkg/jwt/jwt.go:30.62,31.104 1 1
github.com/internships-backend/test-backend-bibihoya-1/pkg/jwt/jwt.go:31.104,32.58 1 1
github.com/internships-backend/test-backend-bibihoya-1/pkg/jwt/jwt.go:32.58,34.4 1 0
github.com/internships-backend/test-backend-bibihoya-1/pkg/jwt/jwt.go:35.3,35.29 1 1
github.com/internships-backend/test-backend-bibihoya-1/pkg/jwt/jwt.go:38.2,38.16 1 1
github.com/internships-backend/test-backend-bibihoya-1/pkg/jwt/jwt.go:38.16,40.3 1 1
github.com/internships-backend/test-backend-bibihoya-1/pkg/jwt/jwt.go:42.2,42.61 1 1
github.com/internships-backend/test-backend-bibihoya-1/pkg/jwt/jwt.go:42.61,44.3 1 1
github.com/internships-backend/test-backend-bibihoya-1/pkg/jwt/jwt.go:46.2,46.41 1 0
github.com/internships-backend/test-backend-bibihoya-1/internal/domain/error_response.go:17.73,26.2 3 1
github.com/internships-backend/test-backend-bibihoya-1/internal/domain/error_response.go:28.71,32.2 3 1
github.com/internships-backend/test-backend-bibihoya-1/internal/config/config.go:20.21,32.2 1 1
github.com/internships-backend/test-backend-bibihoya-1/internal/config/config.go:34.46,35.42 1 1
github.com/internships-backend/test-backend-bibihoya-1/internal/config/config.go:35.42,37.3 1 1
github.com/internships-backend/test-backend-bibihoya-1/internal/config/config.go:38.2,38.21 1 1
github.com/internships-backend/test-backend-bibihoya-1/internal/config/config.go:41.50,42.42 1 1
github.com/internships-backend/test-backend-bibihoya-1/internal/config/config.go:42.42,44.17 2 1
github.com/internships-backend/test-backend-bibihoya-1/internal/config/config.go:44.17,46.4 1 1
github.com/internships-backend/test-backend-bibihoya-1/internal/config/config.go:47.3,47.16 1 1
github.com/internships-backend/test-backend-bibihoya-1/internal/config/config.go:49.2,49.21 1 1
github.com/internships-backend/test-backend-bibihoya-1/internal/handler/auth.go:16.64,21.2 1 1
github.com/internships-backend/test-backend-bibihoya-1/internal/handler/auth.go:23.74,28.61 2 1
github.com/internships-backend/test-backend-bibihoya-1/internal/handler/auth.go:28.61,31.3 2 0
github.com/internships-backend/test-backend-bibihoya-1/internal/handler/auth.go:33.2,33.47 1 1
github.com/internships-backend/test-backend-bibihoya-1/internal/handler/auth.go:33.47,36.3 2 1
github.com/internships-backend/test-backend-bibihoya-1/internal/handler/auth.go:38.2,39.25 2 1
github.com/internships-backend/test-backend-bibihoya-1/internal/handler/auth.go:39.25,41.3 1 1
github.com/internships-backend/test-backend-bibihoya-1/internal/handler/auth.go:41.8,43.3 1 1
github.com/internships-backend/test-backend-bibihoya-1/internal/handler/auth.go:45.2,46.16 2 1
github.com/internships-backend/test-backend-bibihoya-1/internal/handler/auth.go:46.16,49.3 2 0
github.com/internships-backend/test-backend-bibihoya-1/internal/handler/auth.go:51.2,53.19 1 1
github.com/internships-backend/test-backend-bibihoya-1/internal/handler/booking_handler.go:18.80,20.2 1 0
github.com/internships-backend/test-backend-bibihoya-1/internal/handler/booking_handler.go:22.80,24.9 2 0
github.com/internships-backend/test-backend-bibihoya-1/internal/handler/booking_handler.go:24.9,27.3 2 0
github.com/internships-backend/test-backend-bibihoya-1/internal/handler/booking_handler.go:29.2,34.61 2 0
github.com/internships-backend/test-backend-bibihoya-1/internal/handler/booking_handler.go:34.61,37.3 2 0
github.com/internships-backend/test-backend-bibihoya-1/internal/handler/booking_handler.go:39.2,39.22 1 0
github.com/internships-backend/test-backend-bibihoya-1/internal/handler/booking_handler.go:39.22,42.3 2 0
github.com/internships-backend/test-backend-bibihoya-1/internal/handler/booking_handler.go:44.2,45.16 2 0
github.com/internships-backend/test-backend-bibihoya-1/internal/handler/booking_handler.go:45.16,46.22 1 0
github.com/internships-backend/test-backend-bibihoya-1/internal/handler/booking_handler.go:47.25,48.80 1 0
github.com/internships-backend/test-backend-bibihoya-1/internal/handler/booking_handler.go:49.39,50.97 1 0
github.com/internships-backend/test-backend-bibihoya-1/internal/handler/booking_handler.go:51.30,52.90 1 0
github.com/internships-backend/test-backend-bibihoya-1/internal/handler/booking_handler.go:53.11,54.86 1 0
github.com/internships-backend/test-backend-bibihoya-1/internal/handler/booking_handler.go:56.3,56.9 1 0
github.com/internships-backend/test-backend-bibihoya-1/internal/handler/booking_handler.go:58.2,60.24 1 0
github.com/internships-backend/test-backend-bibihoya-1/internal/handler/booking_handler.go:63.80,65.9 2 0
github.com/internships-backend/test-backend-bibihoya-1/internal/handler/booking_handler.go:65.9,68.3 2 0
github.com/internships-backend/test-backend-bibihoya-1/internal/handler/booking_handler.go:70.2,74.16 4 0
github.com/internships-backend/test-backend-bibihoya-1/internal/handler/booking_handler.go:74.16,75.22 1 0
github.com/internships-backend/test-backend-bibihoya-1/internal/handler/booking_handler.go:76.28,77.86 1 0
github.com/internships-backend/test-backend-bibihoya-1/internal/handler/booking_handler.go:78.47,79.98 1 0
github.com/internships-backend/test-backend-bibihoya-1/internal/handler/booking_handler.go:80.11,81.86 1 0
github.com/internships-backend/test-backend-bibihoya-1/internal/handler/booking_handler.go:83.3,83.9 1 0
github.com/internships-backend/test-backend-bibihoya-1/internal/handler/booking_handler.go:86.2,88.19 1 0
github.com/internships-backend/test-backend-bibihoya-1/internal/handler/booking_handler.go:91.79,93.9 2 0
github.com/internships-backend/test-backend-bibihoya-1/internal/handler/booking_handler.go:93.9,96.3 2 0
github.com/internships-backend/test-backend-bibihoya-1/internal/handler/booking_handler.go:98.2,99.16 2 0
github.com/internships-backend/test-backend-bibihoya-1/internal/handler/booking_handler.go:99.16,102.3 2 0
github.com/internships-backend/test-backend-bibihoya-1/internal/handler/booking_handler.go:104.2,106.19 1 0
github.com/internships-backend/test-backend-bibihoya-1/internal/handler/booking_handler.go:109.81,114.19 4 0
github.com/internships-backend/test-backend-bibihoya-1/internal/handler/booking_handler.go:114.19,116.26 2 0
github.com/internships-backend/test-backend-bibihoya-1/internal/handler/booking_handler.go:116.26,119.4 2 0
github.com/internships-backend/test-backend-bibihoya-1/internal/handler/booking_handler.go:120.3,120.11 1 0
github.com/internships-backend/test-backend-bibihoya-1/internal/handler/booking_handler.go:123.2,124.23 2 0
github.com/internships-backend/test-backend-bibihoya-1/internal/handler/booking_handler.go:124.23,126.27 2 0
github.com/internships-backend/test-backend-bibihoya-1/internal/handler/booking_handler.go:126.27,129.4 2 0
github.com/internships-backend/test-backend-bibihoya-1/internal/handler/booking_handler.go:130.3,130.15 1 0
github.com/internships-backend/test-backend-bibihoya-1/internal/handler/booking_handler.go:130.15,133.4 2 0
github.com/internships-backend/test-backend-bibihoya-1/internal/handler/booking_handler.go:134.3,134.16 1 0
github.com/internships-backend/test-backend-bibihoya-1/internal/handler/booking_handler.go:137.2,138.16 2 0
github.com/internships-backend/test-backend-bibihoya-1/internal/handler/booking_handler.go:138.16,141.3 2 0
github.com/internships-backend/test-backend-bibihoya-1/internal/handler/booking_handler.go:143.2,150.19 1 0
github.com/internships-backend/test-backend-bibihoya-1/internal/handler/room_handler.go:15.62,19.2 1 1
github.com/internships-backend/test-backend-bibihoya-1/internal/handler/room_handler.go:21.72,23.16 2 0
github.com/internships-backend/test-backend-bibihoya-1/internal/handler/room_handler.go:23.16,26.3 2 0
github.com/internships-backend/test-backend-bibihoya-1/internal/handler/room_handler.go:28.2,30.19 1 0
github.com/internships-backend/test-backend-bibihoya-1/internal/handler/room_handler.go:33.74,40.61 2 1
github.com/internships-backend/test-backend-bibihoya-1/internal/handler/room_handler.go:40.61,43.3 2 1
github.com/internships-backend/test-backend-bibihoya-1/internal/handler/room_handler.go:45.2,45.20 1 1
github.com/internships-backend/test-backend-bibihoya-1/internal/handler/room_handler.go:45.20,48.3 2 1
github.com/internships-backend/test-backend-bibihoya-1/internal/handler/room_handler.go:50.2,51.16 2 0
github.com/internships-backend/test-backend-bibihoya-1/internal/handler/room_handler.go:51.16,54.3 2 0
github.com/internships-backend/test-backend-bibihoya-1/internal/handler/room_handler.go:56.2,58.24 1 0
github.com/internships-backend/test-backend-bibihoya-1/internal/handler/schedule_handler.go:17.84,19.2 1 1
github.com/internships-backend/test-backend-bibihoya-1/internal/handler/schedule_handler.go:21.82,31.61 4 1
github.com/internships-backend/test-backend-bibihoya-1/internal/handler/schedule_handler.go:31.61,34.3 2 1
github.com/internships-backend/test-backend-bibihoya-1/internal/handler/schedule_handler.go:36.2,36.30 1 1
github.com/internships-backend/test-backend-bibihoya-1/internal/handler/schedule_handler.go:36.30,39.3 2 1
github.com/internships-backend/test-backend-bibihoya-1/internal/handler/schedule_handler.go:41.2,41.25 1 1
github.com/internships-backend/test-backend-bibihoya-1/internal/handler/schedule_handler.go:41.25,44.3 2 1
github.com/internships-backend/test-backend-bibihoya-1/internal/handler/schedule_handler.go:46.2,46.23 1 1
github.com/internships-backend/test-backend-bibihoya-1/internal/handler/schedule_handler.go:46.23,49.3 2 1
github.com/internships-backend/test-backend-bibihoya-1/internal/handler/schedule_handler.go:51.2,52.16 2 0
github.com/internships-backend/test-backend-bibihoya-1/internal/handler/schedule_handler.go:52.16,54.10 2 0
github.com/internships-backend/test-backend-bibihoya-1/internal/handler/schedule_handler.go:55.32,56.80 1 0
github.com/internships-backend/test-backend-bibihoya-1/internal/handler/schedule_handler.go:57.41,58.126 1 0
github.com/internships-backend/test-backend-bibihoya-1/internal/handler/schedule_handler.go:59.61,60.70 1 0
github.com/internships-backend/test-backend-bibihoya-1/internal/handler/schedule_handler.go:61.55,62.70 1 0
github.com/internships-backend/test-backend-bibihoya-1/internal/handler/schedule_handler.go:63.53,64.70 1 0
github.com/internships-backend/test-backend-bibihoya-1/internal/handler/schedule_handler.go:65.50,66.102 1 0
github.com/internships-backend/test-backend-bibihoya-1/internal/handler/schedule_handler.go:67.11,68.98 1 0
github.com/internships-backend/test-backend-bibihoya-1/internal/handler/schedule_handler.go:70.3,70.9 1 0
github.com/internships-backend/test-backend-bibihoya-1/internal/handler/schedule_handler.go:73.2,75.24 1 0
github.com/internships-backend/test-backend-bibihoya-1/internal/handler/slot_handler.go:17.102,22.2 1 1
github.com/internships-backend/test-backend-bibihoya-1/internal/handler/slot_handler.go:24.82,29.19 4 1
github.com/internships-backend/test-backend-bibihoya-1/internal/handler/slot_handler.go:29.19,32.3 2 1
github.com/internships-backend/test-backend-bibihoya-1/internal/handler/slot_handler.go:34.2,35.16 2 1
github.com/internships-backend/test-backend-bibihoya-1/internal/handler/slot_handler.go:35.16,38.3 2 1
github.com/internships-backend/test-backend-bibihoya-1/internal/handler/slot_handler.go:40.2,41.16 2 0
github.com/internships-backend/test-backend-bibihoya-1/internal/handler/slot_handler.go:41.16,44.3 2 0
github.com/internships-backend/test-backend-bibihoya-1/internal/handler/slot_handler.go:46.2,47.29 2 0
github.com/internships-backend/test-backend-bibihoya-1/internal/handler/slot_handler.go:47.29,48.24 1 0
github.com/internships-backend/test-backend-bibihoya-1/internal/handler/slot_handler.go:48.24,50.9 2 0
github.com/internships-backend/test-backend-bibihoya-1/internal/handler/slot_handler.go:54.2,54.13 1 0
github.com/internships-backend/test-backend-bibihoya-1/internal/handler/slot_handler.go:54.13,57.3 2 0
github.com/internships-backend/test-backend-bibihoya-1/internal/handler/slot_handler.go:59.2,60.16 2 0
github.com/internships-backend/test-backend-bibihoya-1/internal/handler/slot_handler.go:60.16,63.3 2 0
github.com/internships-backend/test-backend-bibihoya-1/internal/handler/slot_handler.go:65.2,67.19 1 0
github.com/internships-backend/test-backend-bibihoya-1/internal/database/migrations.go:8.32,65.32 2 1
github.com/internships-backend/test-backend-bibihoya-1/internal/database/migrations.go:65.32,66.43 1 1
github.com/internships-backend/test-backend-bibihoya-1/internal/database/migrations.go:66.43,68.4 1 0
github.com/internships-backend/test-backend-bibihoya-1/internal/database/migrations.go:72.2,77.48 2 1
github.com/internships-backend/test-backend-bibihoya-1/internal/database/migrations.go:77.48,79.3 1 0
github.com/internships-backend/test-backend-bibihoya-1/internal/database/migrations.go:81.2,81.12 1 1
github.com/internships-backend/test-backend-bibihoya-1/internal/database/postgres.go:10.89,17.16 3 1
github.com/internships-backend/test-backend-bibihoya-1/internal/database/postgres.go:17.16,19.3 1 0
github.com/internships-backend/test-backend-bibihoya-1/internal/database/postgres.go:21.2,21.34 1 1
github.com/internships-backend/test-backend-bibihoya-1/internal/database/postgres.go:21.34,23.3 1 1
github.com/internships-backend/test-backend-bibihoya-1/internal/database/postgres.go:25.2,25.16 1 0
github.com/internships-backend/test-backend-bibihoya-1/internal/storage/booking.go:16.52,18.2 1 1
github.com/internships-backend/test-backend-bibihoya-1/internal/storage/booking.go:20.115,28.26 5 0
github.com/internships-backend/test-backend-bibihoya-1/internal/storage/booking.go:28.26,30.3 1 0
github.com/internships-backend/test-backend-bibihoya-1/internal/storage/booking.go:31.2,31.16 1 0
github.com/internships-backend/test-backend-bibihoya-1/internal/storage/booking.go:31.16,33.3 1 0
github.com/internships-backend/test-backend-bibihoya-1/internal/storage/booking.go:35.2,35.40 1 0
github.com/internships-backend/test-backend-bibihoya-1/internal/storage/booking.go:35.40,37.3 1 0
github.com/internships-backend/test-backend-bibihoya-1/internal/storage/booking.go:39.2,45.16 4 0
github.com/internships-backend/test-backend-bibihoya-1/internal/storage/booking.go:45.16,47.3 1 0
github.com/internships-backend/test-backend-bibihoya-1/internal/storage/booking.go:48.2,48.26 1 0
github.com/internships-backend/test-backend-bibihoya-1/internal/storage/booking.go:48.26,50.3 1 0
github.com/internships-backend/test-backend-bibihoya-1/internal/storage/booking.go:52.2,56.26 4 0
github.com/internships-backend/test-backend-bibihoya-1/internal/storage/booking.go:56.26,59.3 2 0
github.com/internships-backend/test-backend-bibihoya-1/internal/storage/booking.go:61.2,66.16 3 0
github.com/internships-backend/test-backend-bibihoya-1/internal/storage/booking.go:66.16,68.3 1 0
github.com/internships-backend/test-backend-bibihoya-1/internal/storage/booking.go:70.2,77.8 1 0
github.com/internships-backend/test-backend-bibihoya-1/internal/storage/booking.go:80.91,90.26 6 0
github.com/internships-backend/test-backend-bibihoya-1/internal/storage/booking.go:90.26,92.3 1 0
github.com/internships-backend/test-backend-bibihoya-1/internal/storage/booking.go:93.2,93.16 1 0
github.com/internships-backend/test-backend-bibihoya-1/internal/storage/booking.go:93.16,95.3 1 0
github.com/internships-backend/test-backend-bibihoya-1/internal/storage/booking.go:97.2,97.24 1 0
github.com/internships-backend/test-backend-bibihoya-1/internal/storage/booking.go:97.24,99.3 1 0
github.com/internships-backend/test-backend-bibihoya-1/internal/storage/booking.go:101.2,101.29 1 0
github.com/internships-backend/test-backend-bibihoya-1/internal/storage/booking.go:101.29,103.27 2 0
github.com/internships-backend/test-backend-bibihoya-1/internal/storage/booking.go:103.27,105.4 1 0
github.com/internships-backend/test-backend-bibihoya-1/internal/storage/booking.go:107.3,114.9 1 0
github.com/internships-backend/test-backend-bibihoya-1/internal/storage/booking.go:117.2,123.16 3 0
github.com/internships-backend/test-backend-bibihoya-1/internal/storage/booking.go:123.16,125.3 1 0
github.com/internships-backend/test-backend-bibihoya-1/internal/storage/booking.go:127.2,128.26 2 0
github.com/internships-backend/test-backend-bibihoya-1/internal/storage/booking.go:128.26,130.3 1 0
github.com/internships-backend/test-backend-bibihoya-1/internal/storage/booking.go:131.2,138.8 1 0
github.com/internships-backend/test-backend-bibihoya-1/internal/storage/booking.go:141.83,150.16 3 0
github.com/internships-backend/test-backend-bibihoya-1/internal/storage/booking.go:150.16,152.3 1 0
github.com/internships-backend/test-backend-bibihoya-1/internal/storage/booking.go:153.2,156.18 3 0
github.com/internships-backend/test-backend-bibihoya-1/internal/storage/booking.go:156.18,161.148 4 0
github.com/internships-backend/test-backend-bibihoya-1/internal/storage/booking.go:161.148,163.4 1 0
github.com/internships-backend/test-backend-bibihoya-1/internal/storage/booking.go:165.3,165.27 1 0
github.com/internships-backend/test-backend-bibihoya-1/internal/storage/booking.go:165.27,167.4 1 0
github.com/internships-backend/test-backend-bibihoya-1/internal/storage/booking.go:169.3,169.39 1 0
github.com/internships-backend/test-backend-bibihoya-1/internal/storage/booking.go:172.2,172.22 1 0
github.com/internships-backend/test-backend-bibihoya-1/internal/storage/booking.go:175.92,181.16 4 0
github.com/internships-backend/test-backend-bibihoya-1/internal/storage/booking.go:181.16,183.3 1 0
github.com/internships-backend/test-backend-bibihoya-1/internal/storage/booking.go:185.2,194.16 4 0
github.com/internships-backend/test-backend-bibihoya-1/internal/storage/booking.go:194.16,196.3 1 0
github.com/internships-backend/test-backend-bibihoya-1/internal/storage/booking.go:197.2,200.18 3 0
github.com/internships-backend/test-backend-bibihoya-1/internal/storage/booking.go:200.18,204.136 3 0
github.com/internships-backend/test-backend-bibihoya-1/internal/storage/booking.go:204.136,206.4 1 0
github.com/internships-backend/test-backend-bibihoya-1/internal/storage/booking.go:208.3,208.27 1 0
github.com/internships-backend/test-backend-bibihoya-1/internal/storage/booking.go:208.27,210.4 1 0
github.com/internships-backend/test-backend-bibihoya-1/internal/storage/booking.go:212.3,212.39 1 0
github.com/internships-backend/test-backend-bibihoya-1/internal/storage/booking.go:215.2,215.29 1 0
github.com/internships-backend/test-backend-bibihoya-1/internal/storage/room.go:15.46,17.2 1 1
github.com/internships-backend/test-backend-bibihoya-1/internal/storage/room.go:19.57,26.16 3 1
github.com/internships-backend/test-backend-bibihoya-1/internal/storage/room.go:26.16,28.3 1 1
github.com/internships-backend/test-backend-bibihoya-1/internal/storage/room.go:29.2,32.18 3 1
github.com/internships-backend/test-backend-bibihoya-1/internal/storage/room.go:32.18,37.99 4 1
github.com/internships-backend/test-backend-bibihoya-1/internal/storage/room.go:37.99,39.4 1 0
github.com/internships-backend/test-backend-bibihoya-1/internal/storage/room.go:41.3,41.24 1 1
github.com/internships-backend/test-backend-bibihoya-1/internal/storage/room.go:41.24,43.4 1 1
github.com/internships-backend/test-backend-bibihoya-1/internal/storage/room.go:44.3,44.21 1 1
github.com/internships-backend/test-backend-bibihoya-1/internal/storage/room.go:44.21,47.4 2 1
github.com/internships-backend/test-backend-bibihoya-1/internal/storage/room.go:48.3,48.30 1 1
github.com/internships-backend/test-backend-bibihoya-1/internal/storage/room.go:51.2,51.19 1 1
github.com/internships-backend/test-backend-bibihoya-1/internal/storage/room.go:54.105,63.16 5 1
github.com/internships-backend/test-backend-bibihoya-1/internal/storage/room.go:63.16,65.3 1 1
github.com/internships-backend/test-backend-bibihoya-1/internal/storage/room.go:67.2,73.8 1 1
github.com/internships-backend/test-backend-bibihoya-1/internal/storage/schedule.go:20.54,22.2 1 1
github.com/internships-backend/test-backend-bibihoya-1/internal/storage/schedule.go:24.41,26.16 2 1
github.com/internships-backend/test-backend-bibihoya-1/internal/storage/schedule.go:26.16,28.3 1 0
github.com/internships-backend/test-backend-bibihoya-1/internal/storage/schedule.go:29.2,29.14 1 1
github.com/internships-backend/test-backend-bibihoya-1/internal/storage/schedule.go:29.14,31.3 1 1
github.com/internships-backend/test-backend-bibihoya-1/internal/storage/schedule.go:32.2,32.12 1 1
github.com/internships-backend/test-backend-bibihoya-1/internal/storage/schedule.go:35.52,48.2 9 1
github.com/internships-backend/test-backend-bibihoya-1/internal/storage/schedule.go:50.128,56.16 4 1
github.com/internships-backend/test-backend-bibihoya-1/internal/storage/schedule.go:56.16,58.3 1 0
github.com/internships-backend/test-backend-bibihoya-1/internal/storage/schedule.go:59.2,59.13 1 1
github.com/internships-backend/test-backend-bibihoya-1/internal/storage/schedule.go:59.13,61.3 1 1
github.com/internships-backend/test-backend-bibihoya-1/internal/storage/schedule.go:63.2,68.16 4 1
github.com/internships-backend/test-backend-bibihoya-1/internal/storage/schedule.go:68.16,70.3 1 0
github.com/internships-backend/test-backend-bibihoya-1/internal/storage/schedule.go:71.2,71.17 1 1
github.com/internships-backend/test-backend-bibihoya-1/internal/storage/schedule.go:71.17,73.3 1 1
github.com/internships-backend/test-backend-bibihoya-1/internal/storage/schedule.go:75.2,75.48 1 1
github.com/internships-backend/test-backend-bibihoya-1/internal/storage/schedule.go:75.48,77.3 1 0
github.com/internships-backend/test-backend-bibihoya-1/internal/storage/schedule.go:78.2,78.46 1 1
github.com/internships-backend/test-backend-bibihoya-1/internal/storage/schedule.go:78.46,80.3 1 0
github.com/internships-backend/test-backend-bibihoya-1/internal/storage/schedule.go:82.2,83.16 2 1
github.com/internships-backend/test-backend-bibihoya-1/internal/storage/schedule.go:83.16,85.3 1 0
github.com/internships-backend/test-backend-bibihoya-1/internal/storage/schedule.go:86.2,86.12 1 1
github.com/internships-backend/test-backend-bibihoya-1/internal/storage/schedule.go:86.12,88.3 1 0
github.com/internships-backend/test-backend-bibihoya-1/internal/storage/schedule.go:90.2,92.33 2 1
github.com/internships-backend/test-backend-bibihoya-1/internal/storage/schedule.go:92.33,93.25 1 1
github.com/internships-backend/test-backend-bibihoya-1/internal/storage/schedule.go:93.25,95.4 1 0
github.com/internships-backend/test-backend-bibihoya-1/internal/storage/schedule.go:96.3,96.22 1 1
github.com/internships-backend/test-backend-bibihoya-1/internal/storage/schedule.go:96.22,98.4 1 0
github.com/internships-backend/test-backend-bibihoya-1/internal/storage/schedule.go:99.3,99.25 1 1
github.com/internships-backend/test-backend-bibihoya-1/internal/storage/schedule.go:101.2,102.30 2 1
github.com/internships-backend/test-backend-bibihoya-1/internal/storage/schedule.go:102.30,104.3 1 1
github.com/internships-backend/test-backend-bibihoya-1/internal/storage/schedule.go:106.2,114.16 5 1
github.com/internships-backend/test-backend-bibihoya-1/internal/storage/schedule.go:114.16,116.3 1 0
github.com/internships-backend/test-backend-bibihoya-1/internal/storage/schedule.go:118.2,124.8 1 1
github.com/internships-backend/test-backend-bibihoya-1/internal/storage/slot.go:18.46,22.2 1 1
github.com/internships-backend/test-backend-bibihoya-1/internal/storage/slot.go:24.98,27.18 3 0
github.com/internships-backend/test-backend-bibihoya-1/internal/storage/slot.go:27.18,29.3 1 0
github.com/internships-backend/test-backend-bibihoya-1/internal/storage/slot.go:29.8,31.3 1 0
github.com/internships-backend/test-backend-bibihoya-1/internal/storage/slot.go:33.2,46.26 7 0
github.com/internships-backend/test-backend-bibihoya-1/internal/storage/slot.go:46.26,49.3 2 0
github.com/internships-backend/test-backend-bibihoya-1/internal/storage/slot.go:50.2,50.16 1 0
github.com/internships-backend/test-backend-bibihoya-1/internal/storage/slot.go:50.16,53.3 2 0
github.com/internships-backend/test-backend-bibihoya-1/internal/storage/slot.go:55.2,68.96 9 0
github.com/internships-backend/test-backend-bibihoya-1/internal/storage/slot.go:68.96,77.27 5 0
github.com/internships-backend/test-backend-bibihoya-1/internal/storage/slot.go:77.27,84.18 4 0
github.com/internships-backend/test-backend-bibihoya-1/internal/storage/slot.go:84.18,86.5 1 0
github.com/internships-backend/test-backend-bibihoya-1/internal/storage/slot.go:87.9,87.24 1 0
github.com/internships-backend/test-backend-bibihoya-1/internal/storage/slot.go:87.24,89.4 1 0
github.com/internships-backend/test-backend-bibihoya-1/internal/storage/slot.go:91.3,98.20 2 0
github.com/internships-backend/test-backend-bibihoya-1/internal/storage/slot.go:100.2,102.19 2 0
github.com/internships-backend/test-backend-bibihoya-1/internal/storage/slot.go:105.95,108.16 3 0
github.com/internships-backend/test-backend-bibihoya-1/internal/storage/slot.go:108.16,110.3 1 0
github.com/internships-backend/test-backend-bibihoya-1/internal/storage/slot.go:112.2,112.21 1 0
github.com/internships-backend/test-backend-bibihoya-1/internal/storage/slot.go:112.21,114.3 1 0
github.com/internships-backend/test-backend-bibihoya-1/internal/storage/slot.go:116.2,117.29 2 0
github.com/internships-backend/test-backend-bibihoya-1/internal/storage/slot.go:117.29,119.3 1 0
github.com/internships-backend/test-backend-bibihoya-1/internal/storage/slot.go:121.2,129.16 4 0
github.com/internships-backend/test-backend-bibihoya-1/internal/storage/slot.go:129.16,131.3 1 0
github.com/internships-backend/test-backend-bibihoya-1/internal/storage/slot.go:132.2,135.18 3 0
github.com/internships-backend/test-backend-bibihoya-1/internal/storage/slot.go:135.18,137.44 2 0
github.com/internships-backend/test-backend-bibihoya-1/internal/storage/slot.go:137.44,139.4 1 0
github.com/internships-backend/test-backend-bibihoya-1/internal/storage/slot.go:140.3,140.27 1 0
github.com/internships-backend/test-backend-bibihoya-1/internal/storage/slot.go:143.2,146.29 3 0
github.com/internships-backend/test-backend-bibihoya-1/internal/storage/slot.go:146.29,147.26 1 0
github.com/internships-backend/test-backend-bibihoya-1/internal/storage/slot.go:147.26,149.4 1 0
github.com/internships-backend/test-backend-bibihoya-1/internal/storage/slot.go:152.2,152.28 1 0
github.com/internships-backend/test-backend-bibihoya-1/internal/storage/slot.go:155.43,159.2 3 1
github.com/internships-backend/test-backend-bibihoya-1/internal/middleware/auth.go:12.71,13.46 1 1
github.com/internships-backend/test-backend-bibihoya-1/internal/middleware/auth.go:13.46,14.72 1 1
github.com/internships-backend/test-backend-bibihoya-1/internal/middleware/auth.go:14.72,16.24 2 1
github.com/internships-backend/test-backend-bibihoya-1/internal/middleware/auth.go:16.24,19.5 2 1
github.com/internships-backend/test-backend-bibihoya-1/internal/middleware/auth.go:21.4,22.47 2 1
github.com/internships-backend/test-backend-bibihoya-1/internal/middleware/auth.go:22.47,25.5 2 1
github.com/internships-backend/test-backend-bibihoya-1/internal/middleware/auth.go:27.4,28.18 2 1
github.com/internships-backend/test-backend-bibihoya-1/internal/middleware/auth.go:28.18,31.5 2 1
github.com/internships-backend/test-backend-bibihoya-1/internal/middleware/auth.go:33.4,35.41 3 0
github.com/internships-backend/test-backend-bibihoya-1/internal/middleware/auth.go:40.49,41.71 1 1
github.com/internships-backend/test-backend-bibihoya-1/internal/middleware/auth.go:41.71,43.29 2 1
github.com/internships-backend/test-backend-bibihoya-1/internal/middleware/auth.go:43.29,46.4 2 1
github.com/internships-backend/test-backend-bibihoya-1/internal/middleware/auth.go:47.3,47.23 1 1
github.com/internships-backend/test-backend-bibihoya-1/internal/middleware/auth.go:51.48,52.71 1 1
github.com/internships-backend/test-backend-bibihoya-1/internal/middleware/auth.go:52.71,54.28 2 1
github.com/internships-backend/test-backend-bibihoya-1/internal/middleware/auth.go:54.28,57.4 2 1
github.com/internships-backend/test-backend-bibihoya-1/internal/middleware/auth.go:58.3,58.23 1 1
github.com/internships-backend/test-backend-bibihoya-1/internal/middleware/auth.go:62.77,71.2 3 1
github.com/internships-backend/test-backend-bibihoya-1/internal/middleware/auth.go:73.52,76.2 2 1
github.com/internships-backend/test-backend-bibihoya-1/internal/middleware/auth.go:78.50,81.2 2 1
